[35mLog into image registry...[0m
[0;34;49m  INFO[0m [[0;32;49m3d954135[0m] Running [1;33;49mdocker --version && docker buildx version[0m on [0;34;49mlocalhost[0m
[0;34;49m  INFO[0m [[0;32;49m3d954135[0m] Finished in 0.037 seconds with exit status 0 ([1;32;49msuccessful[0m).
[0;34;49m  INFO[0m [[0;32;49m4cfd96a7[0m] Running [1;33;49mdocker login -u [REDACTED] -p [REDACTED][0m on [0;34;49mlocalhost[0m
[0;34;49m  INFO[0m [[0;32;49m4cfd96a7[0m] Finished in 2.267 seconds with exit status 0 ([1;32;49msuccessful[0m).
[0;34;49m  INFO[0m [[0;32;49mff2e5393[0m] Running [1;33;49mdocker login -u [REDACTED] -p [REDACTED][0m on [0;34;49mec2-3-27-154-204.ap-southeast-2.compute.amazonaws.com[0m
[0;34;49m  INFO[0m [[0;32;49mff2e5393[0m] Finished in 4.169 seconds with exit status 0 ([1;32;49msuccessful[0m).
[35mBuild and push app image...[0m
[0;34;49m  INFO[0m [[0;32;49m1c9966b8[0m] Running [1;33;49mdocker --version && docker buildx version[0m on [0;34;49mlocalhost[0m
[0;34;49m  INFO[0m [[0;32;49m1c9966b8[0m] Finished in 0.035 seconds with exit status 0 ([1;32;49msuccessful[0m).
[33mBuilding from a local git clone, so ignoring these uncommitted changes:
 M kamal-deploy.log[0m
[0;34;49m  INFO[0m Cloning repo into build directory `/tmp/kamal-clones/fintr-be-2f65914456263/workdir/`...
[0;34;49m  INFO[0m [[0;32;49m89dda61d[0m] Running [1;33;49m/usr/bin/env git -C /tmp/kamal-clones/fintr-be-2f65914456263 clone /workdir --recurse-submodules[0m on [0;34;49mlocalhost[0m
[0;34;49m  INFO[0m [[0;32;49m89dda61d[0m] Finished in 0.427 seconds with exit status 0 ([1;32;49msuccessful[0m).
[0;34;49m  INFO[0m [[0;32;49m82977483[0m] Running [1;33;49m/usr/bin/env git -C /tmp/kamal-clones/fintr-be-2f65914456263/workdir/ status --porcelain[0m on [0;34;49mlocalhost[0m
[0;34;49m  INFO[0m [[0;32;49m82977483[0m] Finished in 0.017 seconds with exit status 0 ([1;32;49msuccessful[0m).
[0;34;49m  INFO[0m [[0;32;49m4ec53e80[0m] Running [1;33;49m/usr/bin/env git -C /tmp/kamal-clones/fintr-be-2f65914456263/workdir/ rev-parse HEAD[0m on [0;34;49mlocalhost[0m
[0;34;49m  INFO[0m [[0;32;49m4ec53e80[0m] Finished in 0.001 seconds with exit status 0 ([1;32;49msuccessful[0m).
[0;34;49m  INFO[0m [[0;32;49me615bb6a[0m] Running [1;33;49mdocker buildx inspect kamal-local-docker-container[0m on [0;34;49mlocalhost[0m
[0;33;49m  WARN[0m Missing compatible builder, so creating a new one first
[0;34;49m  INFO[0m [[0;32;49m6601356d[0m] Running [1;33;49mdocker buildx rm kamal-local-docker-container[0m on [0;34;49mlocalhost[0m
[0;34;49m  INFO[0m [[0;32;49m02dff710[0m] Running [1;33;49mdocker buildx create --name kamal-local-docker-container --driver=docker-container[0m on [0;34;49mlocalhost[0m
[0;34;49m  INFO[0m [[0;32;49m02dff710[0m] Finished in 0.083 seconds with exit status 0 ([1;32;49msuccessful[0m).
[0;34;49m  INFO[0m [[0;32;49mce79d549[0m] Running [1;33;49mdocker buildx build --output=type=registry --platform linux/amd64 --builder kamal-local-docker-container -t adminfintr/fintr-be:af485f649906822c8a3301fbdd1912ab7df80a1a -t adminfintr/fintr-be:latest --label service="fintr-be" --build-arg [REDACTED] --build-arg [REDACTED] --build-arg [REDACTED] --file Dockerfile .[0m on [0;34;49mlocalhost[0m
[0;30;49m DEBUG[0m [[0;32;49mce79d549[0m] Command: [0;34;49mdocker buildx build --output=type=registry --platform linux/amd64 --builder kamal-local-docker-container -t adminfintr/fintr-be:af485f649906822c8a3301fbdd1912ab7df80a1a -t adminfintr/fintr-be:latest --label service="fintr-be" --build-arg [REDACTED] --build-arg [REDACTED] --build-arg [REDACTED] --file Dockerfile .[0m
[0;30;49m DEBUG[0m [[0;32;49mce79d549[0m] [0;31;49m	#0 building with "kamal-local-docker-container" instance using docker-container driver[0m
[0;30;49m DEBUG[0m [[0;32;49mce79d549[0m] [0;31;49m	[0m
[0;30;49m DEBUG[0m [[0;32;49mce79d549[0m] [0;31;49m	#1 [internal] load build definition from Dockerfile[0m
[0;30;49m DEBUG[0m [[0;32;49mce79d549[0m] [0;31;49m	#1 transferring dockerfile: 2.12kB done[0m
[0;30;49m DEBUG[0m [[0;32;49mce79d549[0m] [0;31;49m	#1 DONE 0.0s[0m
[0;30;49m DEBUG[0m [[0;32;49mce79d549[0m] [0;31;49m	[0m
[0;30;49m DEBUG[0m [[0;32;49mce79d549[0m] [0;31;49m	#2 resolve image config for docker-image://docker.io/docker/dockerfile:1[0m
[0;30;49m DEBUG[0m [[0;32;49mce79d549[0m] [0;31;49m	#2 ...[0m
[0;30;49m DEBUG[0m [[0;32;49mce79d549[0m] [0;31;49m	[0m
[0;30;49m DEBUG[0m [[0;32;49mce79d549[0m] [0;31;49m	#3 [auth] docker/dockerfile:pull token for registry-1.docker.io[0m
[0;30;49m DEBUG[0m [[0;32;49mce79d549[0m] [0;31;49m	#3 DONE 0.0s[0m
[0;30;49m DEBUG[0m [[0;32;49mce79d549[0m] [0;31;49m	[0m
[0;30;49m DEBUG[0m [[0;32;49mce79d549[0m] [0;31;49m	#2 resolve image config for docker-image://docker.io/docker/dockerfile:1[0m
[0;30;49m DEBUG[0m [[0;32;49mce79d549[0m] [0;31;49m	#2 DONE 1.8s[0m
[0;30;49m DEBUG[0m [[0;32;49mce79d549[0m] [0;31;49m	[0m
[0;30;49m DEBUG[0m [[0;32;49mce79d549[0m] [0;31;49m	#4 docker-image://docker.io/docker/dockerfile:1@sha256:9857836c9ee4268391bb5b09f9f157f3c91bb15821bb77969642813b0d00518d[0m
[0;30;49m DEBUG[0m [[0;32;49mce79d549[0m] [0;31;49m	#4 resolve docker.io/docker/dockerfile:1@sha256:9857836c9ee4268391bb5b09f9f157f3c91bb15821bb77969642813b0d00518d done[0m
[0;30;49m DEBUG[0m [[0;32;49mce79d549[0m] [0;31;49m	#4 CACHED[0m
[0;30;49m DEBUG[0m [[0;32;49mce79d549[0m] [0;31;49m	[0m
[0;30;49m DEBUG[0m [[0;32;49mce79d549[0m] [0;31;49m	#5 [internal] load metadata for docker.io/library/ruby:3.4.2-slim[0m
[0;30;49m DEBUG[0m [[0;32;49mce79d549[0m] [0;31;49m	#5 ...[0m
[0;30;49m DEBUG[0m [[0;32;49mce79d549[0m] [0;31;49m	[0m
[0;30;49m DEBUG[0m [[0;32;49mce79d549[0m] [0;31;49m	#6 [auth] library/ruby:pull token for registry-1.docker.io[0m
[0;30;49m DEBUG[0m [[0;32;49mce79d549[0m] [0;31;49m	#6 DONE 0.0s[0m
[0;30;49m DEBUG[0m [[0;32;49mce79d549[0m] [0;31;49m	[0m
[0;30;49m DEBUG[0m [[0;32;49mce79d549[0m] [0;31;49m	#5 [internal] load metadata for docker.io/library/ruby:3.4.2-slim[0m
[0;30;49m DEBUG[0m [[0;32;49mce79d549[0m] [0;31;49m	#5 DONE 0.8s[0m
[0;30;49m DEBUG[0m [[0;32;49mce79d549[0m] [0;31;49m	[0m
[0;30;49m DEBUG[0m [[0;32;49mce79d549[0m] [0;31;49m	#7 [internal] load .dockerignore[0m
[0;30;49m DEBUG[0m [[0;32;49mce79d549[0m] [0;31;49m	#7 transferring context: 770B done[0m
[0;30;49m DEBUG[0m [[0;32;49mce79d549[0m] [0;31;49m	#7 DONE 0.0s[0m
[0;30;49m DEBUG[0m [[0;32;49mce79d549[0m] [0;31;49m	[0m
[0;30;49m DEBUG[0m [[0;32;49mce79d549[0m] [0;31;49m	#8 [base 1/3] FROM docker.io/library/ruby:3.4.2-slim@sha256:342bfeb04d3660045ceba063197d22baafec6b163f019714ddf8fc83c59aabee[0m
[0;30;49m DEBUG[0m [[0;32;49mce79d549[0m] [0;31;49m	#8 resolve docker.io/library/ruby:3.4.2-slim@sha256:342bfeb04d3660045ceba063197d22baafec6b163f019714ddf8fc83c59aabee done[0m
[0;30;49m DEBUG[0m [[0;32;49mce79d549[0m] [0;31;49m	#8 DONE 0.0s[0m
[0;30;49m DEBUG[0m [[0;32;49mce79d549[0m] [0;31;49m	[0m
[0;30;49m DEBUG[0m [[0;32;49mce79d549[0m] [0;31;49m	#9 [internal] load build context[0m
[0;30;49m DEBUG[0m [[0;32;49mce79d549[0m] [0;31;49m	#9 transferring context: 7.13MB 0.1s done[0m
[0;30;49m DEBUG[0m [[0;32;49mce79d549[0m] [0;31;49m	#9 DONE 0.1s[0m
[0;30;49m DEBUG[0m [[0;32;49mce79d549[0m] [0;31;49m	[0m
[0;30;49m DEBUG[0m [[0;32;49mce79d549[0m] [0;31;49m	#10 [base 2/3] WORKDIR /rails[0m
[0;30;49m DEBUG[0m [[0;32;49mce79d549[0m] [0;31;49m	#10 CACHED[0m
[0;30;49m DEBUG[0m [[0;32;49mce79d549[0m] [0;31;49m	[0m
[0;30;49m DEBUG[0m [[0;32;49mce79d549[0m] [0;31;49m	#11 [base 3/3] RUN apt-get update -qq &&     apt-get install --no-install-recommends -y curl libjemalloc2 libvips postgresql-client &&     rm -rf /var/lib/apt/lists /var/cache/apt/archives[0m
[0;30;49m DEBUG[0m [[0;32;49mce79d549[0m] [0;31;49m	#11 CACHED[0m
[0;30;49m DEBUG[0m [[0;32;49mce79d549[0m] [0;31;49m	[0m
[0;30;49m DEBUG[0m [[0;32;49mce79d549[0m] [0;31;49m	#12 [build 1/5] RUN apt-get update -qq &&     apt-get install --no-install-recommends -y build-essential git libpq-dev libyaml-dev pkg-config &&     rm -rf /var/lib/apt/lists /var/cache/apt/archives[0m
[0;30;49m DEBUG[0m [[0;32;49mce79d549[0m] [0;31;49m	#12 CACHED[0m
[0;30;49m DEBUG[0m [[0;32;49mce79d549[0m] [0;31;49m	[0m
[0;30;49m DEBUG[0m [[0;32;49mce79d549[0m] [0;31;49m	#13 [build 2/5] COPY Gemfile Gemfile.lock ./[0m
[0;30;49m DEBUG[0m [[0;32;49mce79d549[0m] [0;31;49m	#13 CACHED[0m
[0;30;49m DEBUG[0m [[0;32;49mce79d549[0m] [0;31;49m	[0m
[0;30;49m DEBUG[0m [[0;32;49mce79d549[0m] [0;31;49m	#14 [build 3/5] RUN bundle install &&     rm -rf ~/.bundle/ "/usr/local/bundle"/ruby/*/cache "/usr/local/bundle"/ruby/*/bundler/gems/*/.git &&     bundle exec bootsnap precompile --gemfile[0m
[0;30;49m DEBUG[0m [[0;32;49mce79d549[0m] [0;31;49m	#14 CACHED[0m
[0;30;49m DEBUG[0m [[0;32;49mce79d549[0m] [0;31;49m	[0m
[0;30;49m DEBUG[0m [[0;32;49mce79d549[0m] [0;31;49m	#15 [build 4/5] COPY . .[0m
[0;30;49m DEBUG[0m [[0;32;49mce79d549[0m] [0;31;49m	#15 DONE 0.0s[0m
[0;30;49m DEBUG[0m [[0;32;49mce79d549[0m] [0;31;49m	[0m
[0;30;49m DEBUG[0m [[0;32;49mce79d549[0m] [0;31;49m	#16 [build 5/5] RUN bundle exec bootsnap precompile app/ lib/[0m
[0;30;49m DEBUG[0m [[0;32;49mce79d549[0m] [0;31;49m	#16 DONE 0.5s[0m
[0;30;49m DEBUG[0m [[0;32;49mce79d549[0m] [0;31;49m	[0m
[0;30;49m DEBUG[0m [[0;32;49mce79d549[0m] [0;31;49m	#17 [stage-2 1/3] COPY --from=build /usr/local/bundle /usr/local/bundle[0m
[0;30;49m DEBUG[0m [[0;32;49mce79d549[0m] [0;31;49m	#17 CACHED[0m
[0;30;49m DEBUG[0m [[0;32;49mce79d549[0m] [0;31;49m	[0m
[0;30;49m DEBUG[0m [[0;32;49mce79d549[0m] [0;31;49m	#18 [stage-2 2/3] COPY --from=build /rails /rails[0m
[0;30;49m DEBUG[0m [[0;32;49mce79d549[0m] [0;31;49m	#18 DONE 0.4s[0m
[0;30;49m DEBUG[0m [[0;32;49mce79d549[0m] [0;31;49m	[0m
[0;30;49m DEBUG[0m [[0;32;49mce79d549[0m] [0;31;49m	#19 [stage-2 3/3] RUN groupadd --system --gid 1000 rails &&     useradd rails --uid 1000 --gid 1000 --create-home --shell /bin/bash &&     chown -R rails:rails db log storage tmp[0m
[0;30;49m DEBUG[0m [[0;32;49mce79d549[0m] [0;31;49m	#19 DONE 5.9s[0m
[0;30;49m DEBUG[0m [[0;32;49mce79d549[0m] [0;31;49m	[0m
[0;30;49m DEBUG[0m [[0;32;49mce79d549[0m] [0;31;49m	#20 exporting to image[0m
[0;30;49m DEBUG[0m [[0;32;49mce79d549[0m] [0;31;49m	#20 exporting layers[0m
[0;30;49m DEBUG[0m [[0;32;49mce79d549[0m] [0;31;49m	#20 exporting layers 1.8s done[0m
[0;30;49m DEBUG[0m [[0;32;49mce79d549[0m] [0;31;49m	#20 exporting manifest sha256:ca29339aa1c9863d63bd288e182e8b95a901930af796c2685e89533d44601e4c[0m
[0;30;49m DEBUG[0m [[0;32;49mce79d549[0m] [0;31;49m	#20 exporting manifest sha256:ca29339aa1c9863d63bd288e182e8b95a901930af796c2685e89533d44601e4c done[0m
[0;30;49m DEBUG[0m [[0;32;49mce79d549[0m] [0;31;49m	#20 exporting config sha256:262ecbf7f52de6c821e3941df321e5e169739fe8033e3bc70014e2297552576f done[0m
[0;30;49m DEBUG[0m [[0;32;49mce79d549[0m] [0;31;49m	#20 exporting attestation manifest sha256:494deae6bfc8d2c20a4e74eee3c95fd74d909b8e51fe32f12a91de45fed6ddf8 done[0m
[0;30;49m DEBUG[0m [[0;32;49mce79d549[0m] [0;31;49m	#20 exporting manifest list sha256:1bfdb347979bfc01713c24d3be032725dc7d90e835f2d35192dba651a813e192 done[0m
[0;30;49m DEBUG[0m [[0;32;49mce79d549[0m] [0;31;49m	#20 pushing layers[0m
[0;30;49m DEBUG[0m [[0;32;49mce79d549[0m] [0;31;49m	#20 ...[0m
[0;30;49m DEBUG[0m [[0;32;49mce79d549[0m] [0;31;49m	[0m
[0;30;49m DEBUG[0m [[0;32;49mce79d549[0m] [0;31;49m	#21 [auth] adminfintr/fintr-be:pull,push token for registry-1.docker.io[0m
[0;30;49m DEBUG[0m [[0;32;49mce79d549[0m] [0;31;49m	#21 DONE 0.0s[0m
[0;30;49m DEBUG[0m [[0;32;49mce79d549[0m] [0;31;49m	[0m
[0;30;49m DEBUG[0m [[0;32;49mce79d549[0m] [0;31;49m	#20 exporting to image[0m
[0;30;49m DEBUG[0m [[0;32;49mce79d549[0m] [0;31;49m	#20 pushing layers 8.1s done[0m
[0;30;49m DEBUG[0m [[0;32;49mce79d549[0m] [0;31;49m	#20 pushing manifest for docker.io/adminfintr/fintr-be:af485f649906822c8a3301fbdd1912ab7df80a1a@sha256:1bfdb347979bfc01713c24d3be032725dc7d90e835f2d35192dba651a813e192[0m
[0;30;49m DEBUG[0m [[0;32;49mce79d549[0m] [0;31;49m	#20 pushing manifest for docker.io/adminfintr/fintr-be:af485f649906822c8a3301fbdd1912ab7df80a1a@sha256:1bfdb347979bfc01713c24d3be032725dc7d90e835f2d35192dba651a813e192 2.7s done[0m
[0;30;49m DEBUG[0m [[0;32;49mce79d549[0m] [0;31;49m	#20 pushing layers 3.1s done[0m
[0;30;49m DEBUG[0m [[0;32;49mce79d549[0m] [0;31;49m	#20 pushing manifest for docker.io/adminfintr/fintr-be:latest@sha256:1bfdb347979bfc01713c24d3be032725dc7d90e835f2d35192dba651a813e192[0m
[0;30;49m DEBUG[0m [[0;32;49mce79d549[0m] [0;31;49m	#20 pushing manifest for docker.io/adminfintr/fintr-be:latest@sha256:1bfdb347979bfc01713c24d3be032725dc7d90e835f2d35192dba651a813e192 1.4s done[0m
[0;30;49m DEBUG[0m [[0;32;49mce79d549[0m] [0;31;49m	#20 DONE 17.1s[0m
[0;34;49m  INFO[0m [[0;32;49mce79d549[0m] Finished in 27.594 seconds with exit status 0 ([1;32;49msuccessful[0m).
[0;34;49m  INFO[0m [[0;32;49m585b7af6[0m] Running [1;33;49mdocker image rm --force adminfintr/fintr-be:af485f649906822c8a3301fbdd1912ab7df80a1a[0m on [0;34;49mec2-3-27-154-204.ap-southeast-2.compute.amazonaws.com[0m
[0;34;49m  INFO[0m [[0;32;49m585b7af6[0m] Finished in 0.275 seconds with exit status 0 ([1;32;49msuccessful[0m).
[0;34;49m  INFO[0m [[0;32;49m85a012cc[0m] Running [1;33;49mdocker pull adminfintr/fintr-be:af485f649906822c8a3301fbdd1912ab7df80a1a[0m on [0;34;49mec2-3-27-154-204.ap-southeast-2.compute.amazonaws.com[0m
[0;34;49m  INFO[0m [[0;32;49m85a012cc[0m] Finished in 12.397 seconds with exit status 0 ([1;32;49msuccessful[0m).
[0;34;49m  INFO[0m [[0;32;49m778649f1[0m] Running [1;33;49mdocker inspect -f '{{ .Config.Labels.service }}' adminfintr/fintr-be:af485f649906822c8a3301fbdd1912ab7df80a1a | grep -x fintr-be || (echo "Image adminfintr/fintr-be:af485f649906822c8a3301fbdd1912ab7df80a1a is missing the 'service' label" && exit 1)[0m on [0;34;49mec2-3-27-154-204.ap-southeast-2.compute.amazonaws.com[0m
[0;34;49m  INFO[0m [[0;32;49m778649f1[0m] Finished in 0.299 seconds with exit status 0 ([1;32;49msuccessful[0m).
[0;34;49m  INFO[0m [[0;32;49m7a6046d8[0m] Running [1;33;49m/usr/bin/env mkdir -p .kamal[0m on [0;34;49mec2-3-27-154-204.ap-southeast-2.compute.amazonaws.com[0m
[0;34;49m  INFO[0m [[0;32;49m7a6046d8[0m] Finished in 0.263 seconds with exit status 0 ([1;32;49msuccessful[0m).
[35mAcquiring the deploy lock...[0m
[35mEnsure kamal-proxy is running...[0m
[0;34;49m  INFO[0m [[0;32;49m4f3845a2[0m] Running [1;33;49mdocker network create kamal[0m on [0;34;49mec2-3-27-154-204.ap-southeast-2.compute.amazonaws.com[0m
[0;34;49m  INFO[0m [[0;32;49m834a43bf[0m] Running [1;33;49mdocker login -u [REDACTED] -p [REDACTED][0m on [0;34;49mec2-3-27-154-204.ap-southeast-2.compute.amazonaws.com[0m
[0;34;49m  INFO[0m [[0;32;49m834a43bf[0m] Finished in 2.098 seconds with exit status 0 ([1;32;49msuccessful[0m).
[0;34;49m  INFO[0m [[0;32;49ma808753e[0m] Running [1;33;49mdocker inspect kamal-proxy --format '{{.Config.Image}}' | cut -d: -f2[0m on [0;34;49mec2-3-27-154-204.ap-southeast-2.compute.amazonaws.com[0m
[0;34;49m  INFO[0m [[0;32;49ma808753e[0m] Finished in 0.278 seconds with exit status 0 ([1;32;49msuccessful[0m).
[0;34;49m  INFO[0m [[0;32;49m7d5ac90c[0m] Running [1;33;49mdocker container start kamal-proxy || docker run --name kamal-proxy --network kamal --detach --restart unless-stopped --volume kamal-proxy-config:/home/kamal-proxy/.config/kamal-proxy $(cat .kamal/proxy/options || echo "--publish 80:80 --publish 443:443 --log-opt max-size=10m") basecamp/kamal-proxy:v0.8.4[0m on [0;34;49mec2-3-27-154-204.ap-southeast-2.compute.amazonaws.com[0m
[0;34;49m  INFO[0m [[0;32;49m7d5ac90c[0m] Finished in 0.274 seconds with exit status 0 ([1;32;49msuccessful[0m).
[35mDetect stale containers...[0m
[0;34;49m  INFO[0m [[0;32;49mcdf49d41[0m] Running [1;33;49mdocker ps --filter label=service=fintr-be --filter label=destination= --filter label=role=web --format "{{.Names}}" | while read line; do echo ${line#fintr-be-web-}; done[0m on [0;34;49mec2-3-27-154-204.ap-southeast-2.compute.amazonaws.com[0m
[0;34;49m  INFO[0m [[0;32;49mcdf49d41[0m] Finished in 0.279 seconds with exit status 0 ([1;32;49msuccessful[0m).
[0;34;49m  INFO[0m [[0;32;49m5ca07f6c[0m] Running [1;33;49m/usr/bin/env sh -c 'docker ps --latest --format '\''{{.Names}}'\'' --filter label=service=fintr-be --filter label=destination= --filter label=role=web --filter status=running --filter status=restarting --filter ancestor=$(docker image ls --filter reference=adminfintr/fintr-be:latest --format '\''{{.ID}}'\'') ; docker ps --latest --format '\''{{.Names}}'\'' --filter label=service=fintr-be --filter label=destination= --filter label=role=web --filter status=running --filter status=restarting' | head -1 | while read line; do echo ${line#fintr-be-web-}; done[0m on [0;34;49mec2-3-27-154-204.ap-southeast-2.compute.amazonaws.com[0m
[0;34;49m  INFO[0m [[0;32;49m5ca07f6c[0m] Finished in 0.315 seconds with exit status 0 ([1;32;49msuccessful[0m).
[35mStart container with version af485f649906822c8a3301fbdd1912ab7df80a1a (or reboot if already running)...[0m
[0;34;49m  INFO[0m [[0;32;49m87aa254c[0m] Running [1;33;49mdocker container ls --all --filter name=^fintr-be-web-af485f649906822c8a3301fbdd1912ab7df80a1a$ --quiet[0m on [0;34;49mec2-3-27-154-204.ap-southeast-2.compute.amazonaws.com[0m
[0;34;49m  INFO[0m [[0;32;49m87aa254c[0m] Finished in 0.273 seconds with exit status 0 ([1;32;49msuccessful[0m).
[0;34;49m  INFO[0m [[0;32;49m9ae3b473[0m] Running [1;33;49m/usr/bin/env sh -c 'docker ps --latest --format '\''{{.Names}}'\'' --filter label=service=fintr-be --filter label=destination= --filter label=role=web --filter status=running --filter status=restarting --filter ancestor=$(docker image ls --filter reference=adminfintr/fintr-be:latest --format '\''{{.ID}}'\'') ; docker ps --latest --format '\''{{.Names}}'\'' --filter label=service=fintr-be --filter label=destination= --filter label=role=web --filter status=running --filter status=restarting' | head -1 | while read line; do echo ${line#fintr-be-web-}; done[0m on [0;34;49mec2-3-27-154-204.ap-southeast-2.compute.amazonaws.com[0m
[0;34;49m  INFO[0m [[0;32;49m9ae3b473[0m] Finished in 0.315 seconds with exit status 0 ([1;32;49msuccessful[0m).
[0;34;49m  INFO[0m [[0;32;49mc0c142ea[0m] Running [1;33;49m/usr/bin/env mkdir -p .kamal/apps/fintr-be/env/roles[0m on [0;34;49mec2-3-27-154-204.ap-southeast-2.compute.amazonaws.com[0m
[0;34;49m  INFO[0m [[0;32;49mc0c142ea[0m] Finished in 0.260 seconds with exit status 0 ([1;32;49msuccessful[0m).
[0;34;49m  INFO[0m Uploading .kamal/apps/fintr-be/env/roles/web.env 100.0%
[0;34;49m  INFO[0m [[0;32;49m09017d38[0m] Running [1;33;49mdocker run --detach --restart unless-stopped --name fintr-be-web-af485f649906822c8a3301fbdd1912ab7df80a1a --network kamal --hostname ec2-3-27-154-204.ap-southeast-2.compute.amazonaws.c-b685c2b32aed -e KAMAL_CONTAINER_NAME="fintr-be-web-af485f649906822c8a3301fbdd1912ab7df80a1a" -e KAMAL_VERSION="af485f649906822c8a3301fbdd1912ab7df80a1a" --env-file .kamal/apps/fintr-be/env/roles/web.env --log-opt max-size="10m" --label service="fintr-be" --label role="web" --label destination adminfintr/fintr-be:af485f649906822c8a3301fbdd1912ab7df80a1a[0m on [0;34;49mec2-3-27-154-204.ap-southeast-2.compute.amazonaws.com[0m
[0;34;49m  INFO[0m [[0;32;49m09017d38[0m] Finished in 0.633 seconds with exit status 0 ([1;32;49msuccessful[0m).
[0;34;49m  INFO[0m [[0;32;49m9f491db0[0m] Running [1;33;49mdocker container ls --all --filter name=^fintr-be-web-af485f649906822c8a3301fbdd1912ab7df80a1a$ --quiet[0m on [0;34;49mec2-3-27-154-204.ap-southeast-2.compute.amazonaws.com[0m
[0;34;49m  INFO[0m [[0;32;49m9f491db0[0m] Finished in 0.285 seconds with exit status 0 ([1;32;49msuccessful[0m).
[0;34;49m  INFO[0m [[0;32;49m1eb15331[0m] Running [1;33;49mdocker exec kamal-proxy kamal-proxy deploy fintr-be-web --target="3f10ff0e4d01:3000" --host="ec2-3-27-154-204.ap-southeast-2.compute.amazonaws.com" --tls --deploy-timeout="30s" --drain-timeout="30s" --health-check-interval="10s" --health-check-timeout="15s" --health-check-path="/up" --buffer-requests --buffer-responses --log-request-header="Cache-Control" --log-request-header="Last-Modified" --log-request-header="User-Agent"[0m on [0;34;49mec2-3-27-154-204.ap-southeast-2.compute.amazonaws.com[0m
[0;34;49m  INFO[0m [[0;32;49m1eb15331[0m] Finished in 20.427 seconds with exit status 0 ([1;32;49msuccessful[0m).
[0;34;49m  INFO[0m First web container is healthy on ec2-3-27-154-204.ap-southeast-2.compute.amazonaws.com, booting any other roles
[0;34;49m  INFO[0m [[0;32;49mb53f35f5[0m] Running [1;33;49mdocker container ls --all --filter name=^fintr-be-web-829748301855a1d33fa9c86c4c296eed570f243f$ --quiet | xargs docker stop[0m on [0;34;49mec2-3-27-154-204.ap-southeast-2.compute.amazonaws.com[0m
[0;34;49m  INFO[0m [[0;32;49mb53f35f5[0m] Finished in 0.535 seconds with exit status 0 ([1;32;49msuccessful[0m).
[0;34;49m  INFO[0m [[0;32;49m48051e69[0m] Running [1;33;49mdocker tag adminfintr/fintr-be:af485f649906822c8a3301fbdd1912ab7df80a1a adminfintr/fintr-be:latest[0m on [0;34;49mec2-3-27-154-204.ap-southeast-2.compute.amazonaws.com[0m
[0;34;49m  INFO[0m [[0;32;49m48051e69[0m] Finished in 0.280 seconds with exit status 0 ([1;32;49msuccessful[0m).
[35mPrune old containers and images...[0m
[0;34;49m  INFO[0m [[0;32;49me1367089[0m] Running [1;33;49mdocker ps -q -a --filter label=service=fintr-be --filter status=created --filter status=exited --filter status=dead | tail -n +6 | while read container_id; do docker rm $container_id; done[0m on [0;34;49mec2-3-27-154-204.ap-southeast-2.compute.amazonaws.com[0m
[0;34;49m  INFO[0m [[0;32;49me1367089[0m] Finished in 0.279 seconds with exit status 0 ([1;32;49msuccessful[0m).
[0;34;49m  INFO[0m [[0;32;49m73b28ca0[0m] Running [1;33;49mdocker image prune --force --filter label=service=fintr-be[0m on [0;34;49mec2-3-27-154-204.ap-southeast-2.compute.amazonaws.com[0m
[0;34;49m  INFO[0m [[0;32;49m73b28ca0[0m] Finished in 0.275 seconds with exit status 0 ([1;32;49msuccessful[0m).
[0;34;49m  INFO[0m [[0;32;49m6e58ecca[0m] Running [1;33;49mdocker image ls --filter label=service=fintr-be --format '{{.ID}} {{.Repository}}:{{.Tag}}' | grep -v -w "$(docker container ls -a --format '{{.Image}}\|' --filter label=service=fintr-be | tr -d '\n')adminfintr/fintr-be:latest\|adminfintr/fintr-be:<none>" | while read image tag; do docker rmi $tag; done[0m on [0;34;49mec2-3-27-154-204.ap-southeast-2.compute.amazonaws.com[0m
[0;34;49m  INFO[0m [[0;32;49m6e58ecca[0m] Finished in 0.301 seconds with exit status 0 ([1;32;49msuccessful[0m).
[35mReleasing the deploy lock...[0m
  Finished all in 78.0 seconds
